---
source: tests/models/boards.rs
expression: boards
---
Ok(
    [
        Model {
            created_at: 2023-11-12T12:34:56.789+00:00,
            updated_at: 2023-11-12T12:34:56.789+00:00,
            id: 1,
            title: "Broken Jaw Stories",
            description: "Tell about the time you broke your jaw.",
            num_threads: 4,
        },
    ],
)
